[fiveelementslife.wixsite.com/start.html]
[static.parastorage.com/unpkg/@formatjs/intl-segmenter@11.7.10/polyfill.iife.js]
[static.parastorage.com/unpkg/core-js-bundle@3.2.1/minified.js]
[static.parastorage.com/unpkg/focus-within-polyfill@5.0.9/dist/focus-within-polyfill.js]
[fiveelementslife.wixsite.com/O,location.href]
[fiveelementslife.wixsite.com/e]
[fiveelementslife.wixsite.com/t]
[backblue.gif]
[fade.gif]
[index.html]
[fiveelementslife.wixsite.com/index.html]
[fiveelementslife.wixsite.com/start/blog-feed.xml]
[fiveelementslife.wixsite.com/href,-location.href]
[static.wixstatic.com/media/bc8be9_60bbadbfa40b455c9fbd5765e455a5c5_mv2.png/v1/fill/w_259,h_157,al_c,q_85,usm_0.66_1.00_0.01,enc_avif,quality_auto/bc8be9_60bbadbfa40b455c9fbd5765e455a5c5_mv2.png]
[fiveelementslife.wixsite.com/start/menu.html]
[fiveelementslife.wixsite.com/start/blog.html]
[fiveelementslife.wixsite.com/start/five-elements-promise.html]
[static.wixstatic.com/media/84770f_8ac006c49e62400d81ab3628405024ea_mv2.jpg/v1/fill/w_147,h_60,al_c,q_80,usm_0.66_1.00_0.01,blur_2,enc_avif,quality_auto/84770f_8ac006c49e62400d81ab3628405024ea_mv2.jpg]
[static.wixstatic.com/media/11062b_6bb8118a7b474bea9096972752da343f_mv2.jpg/v1/crop/x_0,y_323,w_3333,h_4355/fill/w_481,h_628,al_c,q_80,usm_0.66_1.00_0.01,enc_avif,quality_auto/Roasted Cauliflower Salad.jpg]
[static.wixstatic.com/media/e98e03bb1260411a8c4a83980052288b.jpg/v1/fill/w_123,h_96,al_c,q_80,usm_0.66_1.00_0.01,blur_2,enc_avif,quality_auto/e98e03bb1260411a8c4a83980052288b.jpg]
[fiveelementslife.wixsite.com/start/about-1.html]
[fiveelementslife.wixsite.com/start/general-6.html]
[fiveelementslife.wixsite.com/start/contact-5.html]
[static.wixstatic.com/media/11062b_cef3b719166a4815b446d4dcfcb6120d_mv2.png/v1/fill/w_31,h_31,al_c,q_85,usm_0.66_1.00_0.01,enc_avif,quality_auto/11062b_cef3b719166a4815b446d4dcfcb6120d_mv2.png]
[static.wixstatic.com/media/11062b_b5690303a8ff470e9b1c03a24aff140b_mv2.png/v1/fill/w_31,h_31,al_c,q_85,usm_0.66_1.00_0.01,enc_avif,quality_auto/11062b_b5690303a8ff470e9b1c03a24aff140b_mv2.png]
[fiveelementslife.wixsite.com/${s.uri}]
[fiveelementslife.wixsite.com/window.location.href]
[browser.sentry-cdn.com/7.120.3/bundle.tracing.es5.min.js]
[fiveelementslife.wixsite.com/api/index.html]
[browser.sentry-cdn.com/7.120.3/modulemetadata.es5.min.js]
[fiveelementslife.wixsite.com/sitemap.xml]
[fiveelementslife.wixsite.com/envelope/index.html]
[fiveelementslife.wixsite.com/feed.xml]
[static.parastorage.com/unpkg/react@18.3.1/umd/react.production.min.js]
[static.parastorage.com/unpkg/react-dom@18.3.1/umd/react-dom.production.min.js]
[static.parastorage.com/unpkg/lodash@4.17.23/lodash.min.js]
[static.parastorage.com/services/wix-thunderbolt/dist/thunderbolt-commons.598a690b.bundle.min.js]
[static.parastorage.com/services/wix-thunderbolt/dist/main.e8c14858.bundle.min.js]
[static.parastorage.com/services/wix-thunderbolt/dist/main.renderer.99fa8096.bundle.min.js]
[static.parastorage.com/services/wix-thunderbolt/dist/browser-deprecation.bundle.es5.js]
[fiveelementslife.wixsite.com/start.html]
[fiveelementslife.wixsite.com/index.html]
[fiveelementslife.wixsite.com/O,location.html]
[fiveelementslife.wixsite.com/e.html]
[fiveelementslife.wixsite.com/t.html]
[fiveelementslife.wixsite.com/href,-location.html]
[static.parastorage.com/services/tag-manager-client/1.1075.0/siteTags.bundle.min.js]
[fiveelementslife.wixsite.com/start/O,location.href]
[fiveelementslife.wixsite.com/start/e]
[fiveelementslife.wixsite.com/start/t]
[fiveelementslife.wixsite.com/start/menuced1.html]
[fiveelementslife.wixsite.com/start/href,-location.href]
[static.parastorage.com/services/restaurant-menus-showcase-ooi/340b3d41e47b0b3c427ac7115aed2a32ad5fd0d85acabf4431a36ccd/media/menus_side_image.7077f229.jpg]
[static.wixstatic.com/media/bc8be9_92392a27f3e941dc9ae18c2c6ec01176_mv2.png/v1/fill/w_49,h_49,al_c,q_85,usm_0.66_1.00_0.01,blur_2,enc_auto/bc8be9_92392a27f3e941dc9ae18c2c6ec01176_mv2.png]
[static.wixstatic.com/media/bc8be9_88b2075b27f14faabcd0cd420922f776_mv2.png/v1/fill/w_49,h_39,al_c,q_85,usm_0.66_1.00_0.01,blur_2,enc_auto/bc8be9_88b2075b27f14faabcd0cd420922f776_mv2.png]
[static.wixstatic.com/media/bc8be9_8e1d188b21934a9f9b7abc7c9d358fb3_mv2.png/v1/fill/w_49,h_39,al_c,q_85,usm_0.66_1.00_0.01,blur_2,enc_auto/bc8be9_8e1d188b21934a9f9b7abc7c9d358fb3_mv2.png]
[static.wixstatic.com/media/bc8be9_672c953ebe0046f2a9419df1ca28937b_mv2.png/v1/fill/w_49,h_39,al_c,q_85,usm_0.66_1.00_0.01,blur_2,enc_auto/bc8be9_672c953ebe0046f2a9419df1ca28937b_mv2.png]
[static.wixstatic.com/media/bc8be9_e58452c34e8a40459c7f3d11574e3dbe_mv2.png/v1/fill/w_49,h_39,al_c,q_85,usm_0.66_1.00_0.01,blur_2,enc_auto/bc8be9_e58452c34e8a40459c7f3d11574e3dbe_mv2.png]
[static.wixstatic.com/media/bc8be9_13594a47040646ad96dacbade24813d9_mv2.png/v1/fill/w_49,h_39,al_c,q_85,usm_0.66_1.00_0.01,blur_2,enc_auto/bc8be9_13594a47040646ad96dacbade24813d9_mv2.png]
[static.wixstatic.com/media/bc8be9_b85905ef887d4c1c9353d32fb1f26b85_mv2.png/v1/fill/w_49,h_74,al_c,q_85,usm_0.66_1.00_0.01,blur_2,enc_auto/bc8be9_b85905ef887d4c1c9353d32fb1f26b85_mv2.png]
[static.wixstatic.com/media/bc8be9_630c0ee88acb40cf810830519615fc27_mv2.png/v1/fill/w_49,h_74,al_c,q_85,usm_0.66_1.00_0.01,blur_2,enc_auto/bc8be9_630c0ee88acb40cf810830519615fc27_mv2.png]
[static.wixstatic.com/media/bc8be9_2e455d6a82884aaf9c5efa18a7a75605_mv2.png/v1/fill/w_49,h_74,al_c,q_85,usm_0.66_1.00_0.01,blur_2,enc_auto/bc8be9_2e455d6a82884aaf9c5efa18a7a75605_mv2.png]
[static.wixstatic.com/media/bc8be9_632b1121efee4946b469853581c40c3c_mv2.png/v1/fill/w_49,h_61,al_c,q_85,usm_0.66_1.00_0.01,blur_2,enc_auto/bc8be9_632b1121efee4946b469853581c40c3c_mv2.png]
[static.wixstatic.com/media/bc8be9_0114d9eb990c4a8fb3ccb483e97032eb_mv2.png/v1/fill/w_49,h_61,al_c,q_85,usm_0.66_1.00_0.01,blur_2,enc_auto/bc8be9_0114d9eb990c4a8fb3ccb483e97032eb_mv2.png]
[static.wixstatic.com/media/bc8be9_1771ee3954974896a51d7a98dc199868_mv2.png/v1/fill/w_49,h_39,al_c,q_85,usm_0.66_1.00_0.01,blur_2,enc_auto/bc8be9_1771ee3954974896a51d7a98dc199868_mv2.png]
[static.wixstatic.com/media/bc8be9_fbfaf4da0bbe403d8c7bb2f0c60cca64_mv2.png/v1/fill/w_49,h_39,al_c,q_85,usm_0.66_1.00_0.01,blur_2,enc_auto/bc8be9_fbfaf4da0bbe403d8c7bb2f0c60cca64_mv2.png]
[static.wixstatic.com/media/bc8be9_b7e29fe68aa14cc9a9385f3e9b13e8de_mv2.png/v1/fill/w_49,h_39,al_c,q_85,usm_0.66_1.00_0.01,blur_2,enc_auto/bc8be9_b7e29fe68aa14cc9a9385f3e9b13e8de_mv2.png]
[static.wixstatic.com/media/bc8be9_8c3e753edc804163935f6193463c7095_mv2.png/v1/fill/w_49,h_37,al_c,q_85,usm_0.66_1.00_0.01,blur_2,enc_auto/bc8be9_8c3e753edc804163935f6193463c7095_mv2.png]
[fiveelementslife.wixsite.com/start/${s.uri}]
[fiveelementslife.wixsite.com/start/window.location.href]
[fiveelementslife.wixsite.com/start/robots.txt]
[fiveelementslife.wixsite.com/start/sitemap.xml]
[fiveelementslife.wixsite.com/start/feed.xml]
[fiveelementslife.wixsite.com/start/menu.html]
[static.parastorage.com/services/restaurant-menus-showcase-ooi/1.1187.0/MenusViewerWidgetNoCss.bundle.min.js]
[static.parastorage.com/services/communities-blog-ooi/1.3282.0/client-viewer/8684.chunk.min.js]
[static.parastorage.com/services/communities-blog-ooi/1.3282.0/client-viewer/post-list-pro-gallery.chunk.min.js]
[static.wixstatic.com/media/84770f_3f96a9d6b0614acb8700c5af55ce9262_mv2_d_5/v1/fill/w_65,h_44,al_c,q_80,usm_0.66_1.00_0.01,blur_2,e/84770f_3f96a9d6b0614acb8700c5af55ce9262_mv2_d_5760_3840_s_4_2.jpg]
[fiveelementslife.wixsite.com/start/post/exploring-eastern-diet-principles-for-modern-wellness.html]
[fiveelementslife.wixsite.com/start/blog.html]
[static.parastorage.com/services/communities-blog-ooi/1.3282.0/BlogViewerWidgetNoCss.bundle.min.js]
[static.wixstatic.com/media/0c8d97d482cd4c658502fff90ec9275b.jpg/v1/fill/w_122,h_82,al_c,q_80,usm_0.66_1.00_0.01,blur_2,enc_avif,quality_auto/0c8d97d482cd4c658502fff90ec9275b.jpg]
[static.wixstatic.com/media/11062b_67f96cc75bfb4da385099136e5c72be2_mv2.jpg/v1/crop/x_0,y_1249,w_3750,h_2503/fill/w_454,h_303,al_c,q_80,usm_0.66_1.00_0.01,enc_avif,quality_auto/Woman Practicing Yoga.jpg]
[fiveelementslife.wixsite.com/start/five-elements-promise.html]
[static.wixstatic.com/media/bc8be9_7f54449f69f8466da4e04e3710add6c1_mv2.png/v1/fill/w_600,h_600,al_c,q_85,enc_avif,quality_auto/bc8be9_7f54449f69f8466da4e04e3710add6c1_mv2.png]
[fiveelementslife.wixsite.com/start/about-1.html]
[static.wixstatic.com/media/11062b_5a0f4e3fd31347fa8523a4ab02df31dc_mv2.jpg/v1/fill/w_88,h_60,al_c,q_80,usm_0.66_1.00_0.01,blur_2,enc_avif,quality_auto/11062b_5a0f4e3fd31347fa8523a4ab02df31dc_mv2.jpg]
[fiveelementslife.wixsite.com/start/general-6.html]
[static.parastorage.com/services/editor-elements-library/dist/thunderbolt/media/sloppyframe.3214ce8e.png]
[static.wixstatic.com/media/11062b_956b66baaa114d159259f51a71399d4e_mv2.jpeg/v1/fill/w_101,h_45,al_c,q_80,usm_0.66_1.00_0.01,blur_2,enc_avif,quality_auto/11062b_956b66baaa114d159259f51a71399d4e_mv2.jpg]
[static.wixstatic.com/media/6ea5b4a88f0b4f91945b40499aa0af00.png/v1/fill/w_23,h_23,al_c,q_85,usm_0.66_1.00_0.01,enc_avif,quality_auto/6ea5b4a88f0b4f91945b40499aa0af00.png]
[static.wixstatic.com/media/01c3aff52f2a4dffa526d7a9843d46ea.png/v1/fill/w_23,h_23,al_c,q_85,usm_0.66_1.00_0.01,enc_avif,quality_auto/01c3aff52f2a4dffa526d7a9843d46ea.png]
[fiveelementslife.wixsite.com/start/contact-5.html]
[fiveelementslife.wixsite.com/${s.html]
[fiveelementslife.wixsite.com/window.location.html]
[fiveelementslife.wixsite.com/api/index.html]
[fiveelementslife.wixsite.com/envelope/index.html]
[fiveelementslife.wixsite.com/sitemap.html]
[fiveelementslife.wixsite.com/feed.html]
[fiveelementslife.wixsite.com/start/O,location.html]
[fiveelementslife.wixsite.com/start/e.html]
[fiveelementslife.wixsite.com/start/t.html]
[fiveelementslife.wixsite.com/start/a,location.href]
[fiveelementslife.wixsite.com/start/menuced1.html]
[fiveelementslife.wixsite.com/start/href,-location.html]
[fiveelementslife.wixsite.com/start/${s.html]
[fiveelementslife.wixsite.com/start/window.location.html]
[fiveelementslife.wixsite.com/start/robots.html]
[fiveelementslife.wixsite.com/start/sitemap.html]
[fiveelementslife.wixsite.com/start/feed.html]
[fiveelementslife.wixsite.com/start/post/O,location.href]
[fiveelementslife.wixsite.com/start/post/e]
[fiveelementslife.wixsite.com/start/post/t.html]
[fiveelementslife.wixsite.com/start/post/href,-location.href]
[static.parastorage.com/services/communities-blog-ooi/1.3282.0/client-viewer/243.chunk.min.js]
[static.parastorage.com/services/communities-blog-ooi/1.3282.0/client-viewer/5051.chunk.min.js]
[static.parastorage.com/services/communities-blog-ooi/1.3282.0/client-viewer/3566.chunk.min.js]
[static.parastorage.com/services/communities-blog-ooi/1.3282.0/client-viewer/8289.chunk.min.js]
[static.parastorage.com/services/communities-blog-ooi/1.3282.0/client-viewer/8602.chunk.min.js]
[static.parastorage.com/services/communities-blog-ooi/1.3282.0/client-viewer/rich-content-viewer.chunk.min.js]
[static.parastorage.com/services/communities-blog-ooi/1.3282.0/client-viewer/5250.chunk.min.js]
[static.parastorage.com/services/communities-blog-ooi/1.3282.0/client-viewer/ricos_plugin_image.chunk.min.js]
[static.parastorage.com/services/communities-blog-ooi/1.3282.0/client-viewer/ricos_figure_caption.chunk.min.js]
[static.parastorage.com/services/communities-blog-ooi/1.3282.0/client-viewer/9836.chunk.min.js]
[static.parastorage.com/services/communities-blog-ooi/1.3282.0/client-viewer/post-page-wix-comments.chunk.min.js]
[fiveelementslife.wixsite.com/start/profile/bekah-wang20238536/profile.html]
[static.wixstatic.com/media/11062b_933a78b58f1b4b8db38eb557d6c069b4_mv2.jpg/v1/fill/w_147,h_98,al_c,q_80,usm_0.66_1.00_0.01,blur_2,enc_avif,quality_auto/11062b_933a78b58f1b4b8db38eb557d6c069b4_mv2.jpg]
[fiveelementslife.wixsite.com/start/post/${s.uri}]
[fiveelementslife.wixsite.com/start/post/window.location.href]
[fiveelementslife.wixsite.com/start/post/robots.txt]
[fiveelementslife.wixsite.com/start/post/sitemap.xml]
[fiveelementslife.wixsite.com/start/post/feed.xml]
[fiveelementslife.wixsite.com/start/post/exploring-eastern-diet-principles-for-modern-wellness.html]
[fiveelementslife.wixsite.com/start/a,location.html]
[fiveelementslife.wixsite.com/start/post/O,location.html]
[fiveelementslife.wixsite.com/start/post/e.html]
[fiveelementslife.wixsite.com/start/post/t.html]
[fiveelementslife.wixsite.com/start/post/href,-location.html]
[static.parastorage.com/services/communities-blog-ooi/1.3282.0/PostViewerWidgetNoCss.bundle.min.js]
[fiveelementslife.wixsite.com/start/profile/bekah-wang20238536/O,location.href]
[fiveelementslife.wixsite.com/start/profile/bekah-wang20238536/e]
[fiveelementslife.wixsite.com/start/profile/bekah-wang20238536/t]
[fiveelementslife.wixsite.com/start/profile/bekah-wang20238536/a,location.href]
[static.parastorage.com/services/profile-card-tpa-ooi/1.2954.0/client-viewer/Toast.chunk.min.js]
[static.parastorage.com/services/profile-card-tpa-ooi/1.2954.0/client-viewer/598.chunk.min.js]
[static.parastorage.com/services/profile-card-tpa-ooi/1.2954.0/client-viewer/121.chunk.min.js]
[static.parastorage.com/services/profile-card-tpa-ooi/1.2954.0/client-viewer/DesktopResponsiveRootWidget.chunk.min.js]
[static.parastorage.com/services/members-about-ooi/1.2699.0/client-viewer/1803.chunk.min.js]
[static.parastorage.com/services/members-about-ooi/1.2699.0/client-viewer/RootWidget.chunk.min.js]
[static.parastorage.com/services/members-about-ooi/1.2699.0/client-viewer/Toast.chunk.min.js]
[fiveelementslife.wixsite.com/start/profile/bekah-wang20238536/profile84bc.html]
[fiveelementslife.wixsite.com/start/profile/bekah-wang20238536/${s.72.delayed]
[fiveelementslife.wixsite.com/start/profile/bekah-wang20238536/window.location.href]
[fiveelementslife.wixsite.com/start/profile/bekah-wang20238536/robots.txt]
[fiveelementslife.wixsite.com/start/profile/bekah-wang20238536/sitemap.xml]
[fiveelementslife.wixsite.com/start/profile/bekah-wang20238536/feed.xml]
[fiveelementslife.wixsite.com/start/profile/bekah-wang20238536/profile.html]
[fiveelementslife.wixsite.com/start/post/${s.html]
[fiveelementslife.wixsite.com/start/post/window.location.html]
[fiveelementslife.wixsite.com/start/post/robots.html]
[fiveelementslife.wixsite.com/start/post/sitemap.html]
[fiveelementslife.wixsite.com/start/post/feed.html]
[fiveelementslife.wixsite.com/start/profile/bekah-wang20238536/O,location.html]
[fiveelementslife.wixsite.com/start/profile/bekah-wang20238536/e.html]
[fiveelementslife.wixsite.com/start/profile/bekah-wang20238536/t.html]
[fiveelementslife.wixsite.com/start/profile/bekah-wang20238536/a,location.html]
[fiveelementslife.wixsite.com/start/profile/bekah-wang20238536/href,-location.href]
[fiveelementslife.wixsite.com/start/profile/bekah-wang20238536/profile84bc.html]
[fiveelementslife.wixsite.com/start/profile/bekah-wang20238536/${s.html]
[fiveelementslife.wixsite.com/start/profile/bekah-wang20238536/window.location.html]
[fiveelementslife.wixsite.com/start/profile/bekah-wang20238536/robots.html]
[fiveelementslife.wixsite.com/start/profile/bekah-wang20238536/sitemap.html]
[fiveelementslife.wixsite.com/start/profile/bekah-wang20238536/feed.html]
[fiveelementslife.wixsite.com/start/profile/bekah-wang20238536/href,-location.html]
